1700    0   1   0
1701    0   0   0
1702    1   0   0
1703    1   1   0
